2025-02-22 17:18:39,060 - __main__ - INFO - Starting memecoin sniper strategy
2025-02-22 17:18:39,542 - env.latency_tracker - INFO - Metrics server started on port 8000
2025-02-22 17:18:39,967 - env.trading_bot - INFO - TradingBot initialized successfully
2025-02-22 17:18:39,968 - __main__ - INFO - 
Executing trade 1/3
2025-02-22 17:18:40,051 - env.monitor_simple - INFO - Starting performance monitoring
2025-02-22 17:18:40,644 - env.monitor_simple - INFO - System Health - CPU: 0.0%, Memory: 65.9MB, Disk: 35.9%, Network: 485.3ms
2025-02-22 17:18:41,051 - env.trading_bot - INFO - RPC endpoint validated
2025-02-22 17:18:41,063 - env.transaction_executor - ERROR - Error creating swap transaction: 'Transaction' object has no attribute 'verify'
2025-02-22 17:18:41,063 - env.transaction_executor - ERROR - Failed to create swap transaction
2025-02-22 17:18:41,063 - __main__ - ERROR - Trade 1 - ERROR: Transaction failed
2025-02-22 17:18:42,064 - __main__ - INFO - 
Executing trade 2/3
2025-02-22 17:18:42,178 - env.transaction_executor - ERROR - Error creating swap transaction: 'Transaction' object has no attribute 'verify'
2025-02-22 17:18:42,178 - env.transaction_executor - ERROR - Failed to create swap transaction
2025-02-22 17:18:42,179 - __main__ - ERROR - Trade 2 - ERROR: Transaction failed
2025-02-22 17:18:43,181 - __main__ - INFO - 
Executing trade 3/3
2025-02-22 17:18:43,301 - env.transaction_executor - ERROR - Error creating swap transaction: 'Transaction' object has no attribute 'verify'
2025-02-22 17:18:43,302 - env.transaction_executor - ERROR - Failed to create swap transaction
2025-02-22 17:18:43,303 - __main__ - ERROR - Trade 3 - ERROR: Transaction failed
2025-02-22 17:18:44,321 - __main__ - INFO - 
=== Final Results ===
2025-02-22 17:18:44,322 - __main__ - INFO - Total Profit/Loss: 0.0000 SOL
2025-02-22 17:18:44,324 - __main__ - INFO - Active Moonbag Positions: 0
2025-02-22 17:18:44,325 - __main__ - INFO - Total Moonbag Value: 0.0000 SOL
2025-02-22 17:18:44,325 - __main__ - INFO - Win Rate: 0.0%
