2025-02-22 17:07:24,793 - __main__ - INFO - Starting memecoin sniper strategy
2025-02-22 17:07:25,182 - env.latency_tracker - INFO - Metrics server started on port 8000
2025-02-22 17:07:25,501 - env.trading_bot - INFO - TradingBot initialized successfully
2025-02-22 17:07:25,502 - __main__ - INFO - 
Executing trade 1/3
2025-02-22 17:07:25,560 - env.monitor_simple - INFO - Starting performance monitoring
2025-02-22 17:07:26,009 - env.monitor_simple - INFO - System Health - CPU: 0.0%, Memory: 65.6MB, Disk: 35.9%, Network: 347.8ms
2025-02-22 17:07:26,323 - env.transaction_executor - ERROR - Error creating swap transaction: argument 'keypairs': failed to extract enum Signer ('KeypairWrapper | PresignerWrapper | NullSignerWrapper')
- variant KeypairWrapper (KeypairWrapper): TypeError: failed to extract field Signer::KeypairWrapper.0, caused by TypeError: 'list' object cannot be converted to 'Keypair'
- variant PresignerWrapper (PresignerWrapper): TypeError: failed to extract field Signer::PresignerWrapper.0, caused by TypeError: 'list' object cannot be converted to 'Presigner'
- variant NullSignerWrapper (NullSignerWrapper): TypeError: failed to extract field Signer::NullSignerWrapper.0, caused by TypeError: 'list' object cannot be converted to 'NullSigner'
2025-02-22 17:07:26,324 - env.transaction_executor - ERROR - Failed to create swap transaction
2025-02-22 17:07:26,324 - __main__ - ERROR - Trade 1 - ERROR: Transaction failed
2025-02-22 17:07:26,325 - env.trading_bot - INFO - RPC endpoint validated
2025-02-22 17:07:27,338 - __main__ - INFO - 
Executing trade 2/3
2025-02-22 17:07:27,407 - env.transaction_executor - ERROR - Error creating swap transaction: argument 'keypairs': failed to extract enum Signer ('KeypairWrapper | PresignerWrapper | NullSignerWrapper')
- variant KeypairWrapper (KeypairWrapper): TypeError: failed to extract field Signer::KeypairWrapper.0, caused by TypeError: 'list' object cannot be converted to 'Keypair'
- variant PresignerWrapper (PresignerWrapper): TypeError: failed to extract field Signer::PresignerWrapper.0, caused by TypeError: 'list' object cannot be converted to 'Presigner'
- variant NullSignerWrapper (NullSignerWrapper): TypeError: failed to extract field Signer::NullSignerWrapper.0, caused by TypeError: 'list' object cannot be converted to 'NullSigner'
2025-02-22 17:07:27,408 - env.transaction_executor - ERROR - Failed to create swap transaction
2025-02-22 17:07:27,408 - __main__ - ERROR - Trade 2 - ERROR: Transaction failed
2025-02-22 17:07:28,418 - __main__ - INFO - 
Executing trade 3/3
2025-02-22 17:07:28,477 - env.transaction_executor - ERROR - Error creating swap transaction: argument 'keypairs': failed to extract enum Signer ('KeypairWrapper | PresignerWrapper | NullSignerWrapper')
- variant KeypairWrapper (KeypairWrapper): TypeError: failed to extract field Signer::KeypairWrapper.0, caused by TypeError: 'list' object cannot be converted to 'Keypair'
- variant PresignerWrapper (PresignerWrapper): TypeError: failed to extract field Signer::PresignerWrapper.0, caused by TypeError: 'list' object cannot be converted to 'Presigner'
- variant NullSignerWrapper (NullSignerWrapper): TypeError: failed to extract field Signer::NullSignerWrapper.0, caused by TypeError: 'list' object cannot be converted to 'NullSigner'
2025-02-22 17:07:28,478 - env.transaction_executor - ERROR - Failed to create swap transaction
2025-02-22 17:07:28,479 - __main__ - ERROR - Trade 3 - ERROR: Transaction failed
2025-02-22 17:07:29,486 - __main__ - INFO - 
=== Final Results ===
2025-02-22 17:07:29,487 - __main__ - INFO - Total Profit/Loss: 0.0000 SOL
2025-02-22 17:07:29,487 - __main__ - INFO - Active Moonbag Positions: 0
2025-02-22 17:07:29,487 - __main__ - INFO - Total Moonbag Value: 0.0000 SOL
2025-02-22 17:07:29,488 - __main__ - INFO - Win Rate: 0.0%
