2025-02-22 18:00:11,414 - __main__ - INFO - Starting memecoin sniper strategy
2025-02-22 18:00:11,916 - env.latency_tracker - INFO - Metrics server started on port 8000
2025-02-22 18:00:12,265 - env.trading_bot - INFO - TradingBot initialized successfully
2025-02-22 18:00:12,266 - __main__ - INFO - 
Executing trade 1/3
2025-02-22 18:00:12,354 - env.monitor_simple - INFO - Starting performance monitoring
2025-02-22 18:00:12,822 - env.monitor_simple - INFO - System Health - CPU: 0.0%, Memory: 65.8MB, Disk: 35.9%, Network: 342.1ms
2025-02-22 18:00:13,205 - env.trading_bot - INFO - RPC endpoint validated
2025-02-22 18:00:13,209 - env.transaction_executor - INFO - Creating transaction with instruction: Instruction { program_id: 675kPX9MHTjS2zt1qfr1NYHuzeLXfQM9H24wFSUt1Mp8, accounts: [AccountMeta { pubkey: TokenkegQfeZyiNwAJbNbGKPFXCWuBvf9Ss623VQ5DA, is_signer: false, is_writable: false }, AccountMeta { pubkey: 11111111111111111111111111111111, is_signer: false, is_writable: false }, AccountMeta { pubkey: 8ZuDXnMNtMFAxCe2MyxKuULASMm2w4k5DQZS4Zi8P3bu, is_signer: false, is_writable: true }, AccountMeta { pubkey: EVPReADLSSN8XFcK6dmgJigUn8AvDcYTij6fe6AuSqNW, is_signer: false, is_writable: true }, AccountMeta { pubkey: 7PHMDs1vKGVyG4cAGEGceNdZCBiDJkxixe69vStghAHE, is_signer: false, is_writable: true }, AccountMeta { pubkey: AKnL4NNf3DGWZJS6cPknBuEGnVsV4A4m5tgebLHaRSZ9, is_signer: true, is_writable: true }, AccountMeta { pubkey: Adu9g65zHkfFT65cXcdnTpQQFUeWoo1ZBfebF59h7btn, is_signer: false, is_writable: true }, AccountMeta { pubkey: Cef6NT4Dcx1aafSurM2KrZEPhR1Wt86WeuFUJ79Y2hXr, is_signer: false, is_writable: true }, AccountMeta { pubkey: SysvarRent111111111111111111111111111111111, is_signer: false, is_writable: false }], data: [1, 128, 238, 54, 0, 0, 0, 0, 0, 239, 142, 53, 0, 0, 0, 0, 0, 196, 9, 0, 0, 1, 0, 0, 0, 0] }
2025-02-22 18:00:13,216 - env.transaction_executor - INFO - Setting recent blockhash: 3hoVfwS3rp1srgG5XvmuDHVC6v8F97XJyuBaeZ4kmNH4
2025-02-22 18:00:13,217 - env.transaction_executor - INFO - Setting fee payer: AKnL4NNf3DGWZJS6cPknBuEGnVsV4A4m5tgebLHaRSZ9
2025-02-22 18:00:13,218 - env.transaction_executor - INFO - Compiling transaction...
2025-02-22 18:00:13,218 - env.transaction_executor - ERROR - Error preparing transaction: 'Transaction' object has no attribute 'compile'
2025-02-22 18:00:13,218 - env.transaction_executor - ERROR - Error creating swap transaction: 'Transaction' object has no attribute 'compile'
2025-02-22 18:00:13,219 - env.transaction_executor - ERROR - Failed to create swap transaction
2025-02-22 18:00:13,219 - __main__ - ERROR - Trade 1 - ERROR: Transaction failed
2025-02-22 18:00:14,231 - __main__ - INFO - 
Executing trade 2/3
2025-02-22 18:00:14,304 - env.transaction_executor - INFO - Creating transaction with instruction: Instruction { program_id: 675kPX9MHTjS2zt1qfr1NYHuzeLXfQM9H24wFSUt1Mp8, accounts: [AccountMeta { pubkey: TokenkegQfeZyiNwAJbNbGKPFXCWuBvf9Ss623VQ5DA, is_signer: false, is_writable: false }, AccountMeta { pubkey: 11111111111111111111111111111111, is_signer: false, is_writable: false }, AccountMeta { pubkey: 8ZuDXnMP2BuVCRQQj8yE86qymfjjjkV97U4Yx9WMP7zX, is_signer: false, is_writable: true }, AccountMeta { pubkey: 2xA4qrppVGmwbwLGcqiBFuNTakW7Z31mb3CYd5LFpK5U, is_signer: false, is_writable: true }, AccountMeta { pubkey: AmafwuE28jSKDT466hViUdL56F6NiqUS67gPeRoGvYqW, is_signer: false, is_writable: true }, AccountMeta { pubkey: AKnL4NNf3DGWZJS6cPknBuEGnVsV4A4m5tgebLHaRSZ9, is_signer: true, is_writable: true }, AccountMeta { pubkey: t2x833RcxVDHPuFCehdmoQqcy4vn9zJoFoQmbmmoTjn, is_signer: false, is_writable: true }, AccountMeta { pubkey: 4UkDTysDiJ2BtWMQa6wUAWNKh6gwnmXagpEp3yvQ9Yxn, is_signer: false, is_writable: true }, AccountMeta { pubkey: SysvarRent111111111111111111111111111111111, is_signer: false, is_writable: false }], data: [1, 128, 238, 54, 0, 0, 0, 0, 0, 239, 142, 53, 0, 0, 0, 0, 0, 196, 9, 0, 0, 1, 0, 0, 0, 0] }
2025-02-22 18:00:14,306 - env.transaction_executor - INFO - Setting recent blockhash: 9KxBUbsUTWPahoaC5mFyjt4DQ5HzhjE7XRMg7M7BnZdR
2025-02-22 18:00:14,306 - env.transaction_executor - INFO - Setting fee payer: AKnL4NNf3DGWZJS6cPknBuEGnVsV4A4m5tgebLHaRSZ9
2025-02-22 18:00:14,307 - env.transaction_executor - INFO - Compiling transaction...
2025-02-22 18:00:14,307 - env.transaction_executor - ERROR - Error preparing transaction: 'Transaction' object has no attribute 'compile'
2025-02-22 18:00:14,307 - env.transaction_executor - ERROR - Error creating swap transaction: 'Transaction' object has no attribute 'compile'
2025-02-22 18:00:14,308 - env.transaction_executor - ERROR - Failed to create swap transaction
2025-02-22 18:00:14,308 - __main__ - ERROR - Trade 2 - ERROR: Transaction failed
2025-02-22 18:00:15,315 - __main__ - INFO - 
Executing trade 3/3
2025-02-22 18:00:15,478 - env.transaction_executor - INFO - Creating transaction with instruction: Instruction { program_id: 675kPX9MHTjS2zt1qfr1NYHuzeLXfQM9H24wFSUt1Mp8, accounts: [AccountMeta { pubkey: TokenkegQfeZyiNwAJbNbGKPFXCWuBvf9Ss623VQ5DA, is_signer: false, is_writable: false }, AccountMeta { pubkey: 11111111111111111111111111111111, is_signer: false, is_writable: false }, AccountMeta { pubkey: 8ZuDXnMPA2ZoSeAo6Hz8LjMo6yiSYSED1XZfqjJaPCP9, is_signer: false, is_writable: true }, AccountMeta { pubkey: DtVqZQw8dofo1fHfsMFWmnEcepQSyKoFVtxxnNx4Ku6X, is_signer: false, is_writable: true }, AccountMeta { pubkey: AwVyGCyJykJJ9uUBHtnjFEVPxxnm6dYWHGFf1UnZ3ca, is_signer: false, is_writable: true }, AccountMeta { pubkey: AKnL4NNf3DGWZJS6cPknBuEGnVsV4A4m5tgebLHaRSZ9, is_signer: true, is_writable: true }, AccountMeta { pubkey: 6ka7YRNtStaE9JPcqxXb6obqve61EBpVo7GJRfjAithq, is_signer: false, is_writable: true }, AccountMeta { pubkey: 5wHrYtKX2vHAZiZZ5f39GgbSaayNT99LDssMh5jz3Y4o, is_signer: false, is_writable: true }, AccountMeta { pubkey: SysvarRent111111111111111111111111111111111, is_signer: false, is_writable: false }], data: [1, 128, 238, 54, 0, 0, 0, 0, 0, 239, 142, 53, 0, 0, 0, 0, 0, 196, 9, 0, 0, 1, 0, 0, 0, 0] }
2025-02-22 18:00:15,481 - env.transaction_executor - INFO - Setting recent blockhash: 9EjEE31u8J3LqveAfYF19qg33M5vRLX8TfoMj2fzgu1x
2025-02-22 18:00:15,482 - env.transaction_executor - INFO - Setting fee payer: AKnL4NNf3DGWZJS6cPknBuEGnVsV4A4m5tgebLHaRSZ9
2025-02-22 18:00:15,482 - env.transaction_executor - INFO - Compiling transaction...
2025-02-22 18:00:15,482 - env.transaction_executor - ERROR - Error preparing transaction: 'Transaction' object has no attribute 'compile'
2025-02-22 18:00:15,483 - env.transaction_executor - ERROR - Error creating swap transaction: 'Transaction' object has no attribute 'compile'
2025-02-22 18:00:15,483 - env.transaction_executor - ERROR - Failed to create swap transaction
2025-02-22 18:00:15,483 - __main__ - ERROR - Trade 3 - ERROR: Transaction failed
2025-02-22 18:00:16,497 - __main__ - INFO - 
=== Final Results ===
2025-02-22 18:00:16,498 - __main__ - INFO - Total Profit/Loss: 0.0000 SOL
2025-02-22 18:00:16,499 - __main__ - INFO - Active Moonbag Positions: 0
2025-02-22 18:00:16,499 - __main__ - INFO - Total Moonbag Value: 0.0000 SOL
2025-02-22 18:00:16,500 - __main__ - INFO - Win Rate: 0.0%
